
> @mbox/ops-platform@1.0.0-rc.214 test:normalized:postgres
> node scripts/run-normalized-postgres-tests.mjs


 RUN  v4.1.11 /Users/jingda/mbox/mbox-review-release-20260921

applied normalized 001_identity_tables_and_sessions.sql
applied normalized 002_reliability_audit_outbox.sql
applied normalized 003_service_tasks.sql
applied normalized 004_commerce_and_kds.sql
applied normalized 005_inventory_and_recipes.sql
applied normalized 006_payments_and_reservations.sql
applied normalized 007_customers_benefits_performance_notifications.sql
applied normalized 008_rls_and_permissions.sql
applied normalized 009_staff_access_and_sessions.sql
applied normalized 010_runtime_role_permissions.sql
applied normalized 011_pricing_authorizations.sql
applied normalized 012_notification_delivery_constraints.sql
applied normalized 013_staff_login_rate_limits.sql
applied normalized 014_catalog_integrity.sql
applied normalized 015_payment_integrity.sql
applied normalized 016_commerce_context_and_settlement.sql
applied normalized 017_reservation_performance_integrity.sql
applied normalized 018_customer_benefit_integrity.sql
applied normalized 019_guest_sessions.sql
applied normalized 020_inventory_operations.sql
applied normalized 021_commercial_ops.sql
applied normalized 022_table_management.sql
applied normalized 023_sop_ai_execution.sql
applied normalized 024_guest_commerce_service.sql
applied normalized 025_business_days.sql
applied normalized 026_hardware_printing.sql
applied normalized 027_public_reservation_waitlist.sql
applied normalized 028_store_permission_catalog.sql
applied normalized 029_benefit_redemption_authorization.sql
applied normalized 030_product_bundles.sql
applied normalized 031_product_bundle_component_notes.sql
applied normalized 032_store_configuration_applications.sql
applied normalized 033_product_catalog_applications.sql
applied normalized 034_release_bound_configuration_applications.sql
applied normalized 035_guest_order_ownership.sql
applied normalized 036_pricing_authorization_source_reuse.sql
applied normalized 037_payment_pending_intent_integrity.sql
applied normalized 038_reservation_arrival_grace.sql
applied normalized 039_role_access_configuration_authority.sql
applied normalized 040_staff_access_configuration_catalog.sql
applied normalized 041_payment_provider_actions.sql
applied normalized 042_store_commerce_policy.sql
applied normalized 043_performer_song_catalog.sql
applied normalized 044_product_operational_fields.sql
applied normalized 045_reservation_runtime_policy_fields.sql
applied normalized 046_catalog_management_permissions.sql
applied normalized 047_payment_fulfillment_isolation.sql
applied normalized 048_customer_notification_consents.sql
applied normalized 049_refund_workflow_configuration.sql
applied normalized 050_customer_experience_ecosystem.sql
applied normalized 051_customer_recommendation_observation.sql
applied normalized 052_reservation_performance_preference.sql
applied normalized 053_checkout_upgrade_atomicity.sql
applied normalized 054_activity_payment_authority.sql
applied normalized 055_activity_contact_protection.sql
applied normalized 056_remove_product_json_write_adapter.sql
applied normalized 057_refund_provider_submission_state.sql
applied normalized 058_payment_settlement_channel.sql
applied normalized 059_recommendation_financial_attribution.sql
applied normalized 060_fulfillment_capacity_holds.sql
applied normalized 061_strong_audience_and_reservation_preference.sql
applied normalized 062_activity_policy_and_publication_fields.sql
applied normalized 063_benefit_product_scope.sql
applied normalized 064_strong_staff_access_controls.sql
applied normalized 065_verified_provider_observations.sql
applied normalized 066_order_item_submission_costs.sql
applied normalized 067_activity_terms_acknowledgement.sql
applied normalized 068_configurable_reservation_policy.sql
applied normalized 069_recommendation_plan_selection.sql
applied normalized 070_checkout_offer_presentation_fields.sql
applied normalized 071_wechat_identity_sessions.sql
applied normalized 072_loyalty_accounts_and_accrual.sql
applied normalized 073_loyalty_point_lots_and_order_eligibility.sql
applied normalized 074_loyalty_tier_policy_versions.sql
applied normalized 075_loyalty_redemption_fulfillment.sql
applied normalized 076_wechat_notification_authorization.sql
applied normalized 077_loyalty_points_expiry.sql
applied normalized 078_loyalty_tier_benefit_entitlements.sql
applied normalized 079_membership_recovery_and_merge.sql
applied normalized 080_loyalty_policy_release_workflow.sql
applied normalized 081_membership_terms_acceptance.sql
applied normalized 082_loyalty_refund_application_consistency.sql
applied normalized 083_wechat_loyalty_notification_delivery.sql
applied normalized 084_loyalty_redemption_recovery.sql
applied normalized 085_customer_product_restrictions_and_performance_phases.sql
applied normalized 086_customer_preferences_and_experience_plan_activation.sql
applied normalized 087_loyalty_operational_emergency_controls.sql
applied normalized 088_activity_operations_and_waitlist_promotion.sql
applied normalized 089_checkout_upgrade_operational_closure.sql
applied normalized 090_reservation_performance_revision_and_notification.sql
applied normalized 091_promotional_loyalty_rules_and_awards.sql
applied normalized 092_recommendation_policy_operational_release.sql
applied normalized 093_recommendation_staff_modification_authority.sql
applied normalized 094_membership_configuration_draft_impact.sql
applied normalized 095_personal_contact_governance.sql
applied normalized 096_table_customer_location_movements.sql
applied normalized 097_product_inventory_control_mode.sql
applied normalized 098_unpaid_order_cancellation.sql
applied normalized 099_reusable_store_login_credential.sql
applied normalized 100_media_assets_and_recipe_costs.sql
applied normalized 101_order_settlement_exceptions.sql
applied normalized 102_printer_management_permission.sql
applied normalized 103_home_content_display_mode.sql
applied normalized 104_membership_terms_community_source.sql
applied normalized 105_store_print_bridge.sql
applied normalized 106_customer_release_and_shared_cart.sql
applied normalized 107_customer_publication_operations.sql
applied normalized 108_loyalty_exact_reward_carry.sql
applied normalized 109_loyalty_annual_benefit_calendar.sql
applied normalized 110_loyalty_annual_priority_reservation_hold.sql
applied normalized 111_annual_priority_reservation_audit.sql
applied normalized 112_annual_daily_snack_claim_fulfillment.sql
applied normalized 113_annual_priority_waitlist_audit.sql
applied normalized 114_reservation_priority_queue_override.sql
applied normalized 115_server_assisted_payment_permission.sql
applied normalized 116_manual_external_collection.sql
applied normalized 117_member_staff_navigation.sql
applied normalized 118_beverage_launch_permission_support.sql
applied normalized 119_guest_shared_cart_employee_freeze.sql
applied normalized 120_payment_collection_table_scope.sql
applied normalized 121_annual_benefit_rule_execution_contract.sql
applied normalized 122_annual_benefit_fulfillment_state.sql
applied normalized 123_annual_daily_snack_inventory_hold.sql
applied normalized 124_complimentary_fulfillment_intents.sql
applied normalized 125_guest_shared_cart_cross_generation_idempotency.sql
applied normalized 126_table_movement_closure_parity.sql
applied normalized 127_new_store_business_day_permissions.sql
applied normalized 128_complimentary_fulfillment_resolution.sql
applied normalized 129_table_session_blocker_write_lock.sql
applied normalized 130_guest_shared_cart_write_attempt_rate_limit.sql
applied normalized 131_server_assisted_payment_role_template.sql
applied normalized 132_server_member_fulfillment_role_template.sql
applied normalized 133_refund_recollection_authorization.sql
applied normalized 134_print_job_reprint.sql
applied normalized 135_activity_packages_inventory_reservations.sql
applied normalized 136_activity_cashier_workbench.sql
applied normalized 137_kds_remake_lineage.sql
applied normalized 138_activity_paid_package_reservation_expiry.sql
applied normalized 139_unresolved_payment_retry_release.sql
applied normalized 140_customer_left_table_turnover.sql
applied normalized 141_customer_left_turnover_digest_portability.sql
applied normalized 142_customer_left_turnover_default_role_grants.sql
applied normalized 143_customer_left_turnover_preserve_settled_history.sql
applied normalized 144_menu_category_hierarchy.sql
applied normalized 145_activity_payment_registration_cycle.sql
applied normalized 146_wechat_member_service_notification_delivery.sql
applied normalized 147_inventory_item_capacity_and_editing.sql
applied normalized 148_recommendation_input_history_signals.sql
applied normalized 149_automatic_cutoff_table_turnover.sql
applied normalized 150_recommendation_legacy_pilot_activation.sql
applied normalized 151_guest_self_checkout_reconciliation.sql
applied normalized 152_inventory_weighted_cost_foundation.sql
applied normalized 153_bundle_cost_rollup.sql
applied normalized 154_historical_tracked_cost_completeness.sql
applied normalized 155_activity_subscription_sheet_templates.sql
applied normalized 156_catalog_snapshot_and_duplicate_compatibility.sql
applied normalized 157_cashier_assisted_order_and_safe_turnover.sql
applied normalized 158_all_employee_payment_initiation.sql
applied normalized 159_bundle_choice_groups.sql
applied normalized 160_owner_finance_and_payroll.sql
applied normalized 161_payment_reconciliation_backoff.sql
applied normalized 162_closed_session_kds_terminalization.sql
applied normalized 163_stacking_pricing_drafts.sql
applied normalized 164_coupon_calendar_versions.sql
applied normalized 165_calendar_gift_pricing_reservations.sql
applied normalized 166_member_interest_cards.sql
applied normalized 167_member_gift_campaign_jobs.sql
applied normalized 168_marketing_contact_authority.sql
applied normalized 169_marketing_delivery_jobs.sql
applied normalized 170_shared_cart_stable_portions.sql
applied normalized 171_stacking_policy_release.sql
applied normalized 172_coupon_price_promises.sql
applied normalized 173_checkout_coupon_quotes.sql
applied normalized 174_checkout_coupon_order_holds.sql
applied normalized 175_checkout_coupon_refund_review.sql
applied normalized 176_checkout_coupon_replacement_link.sql
applied normalized 177_checkout_upgrade_qualification.sql
applied normalized 178_shared_cart_portion_replacement.sql
applied normalized 179_checkout_upgrade_opportunities.sql
applied normalized 180_checkout_upgrade_choice_variants.sql
applied normalized 181_async_print_sources.sql
applied normalized 182_print_document_flows.sql
applied normalized 183_zero_due_movement_settlement.sql
applied normalized 184_manual_business_day_end.sql
applied normalized 185_order_business_date_and_daily_print.sql
applied normalized 186_activity_registration_stop.sql
applied normalized 187_order_history_permissions.sql
applied normalized 188_delivery_batches_and_stock_returns.sql
applied normalized 189_refunded_item_terminalization.sql
applied normalized 190_payment_collection_attempts.sql
applied normalized 191_guest_self_table_rescan.sql
applied normalized 192_business_day_collection_summary.sql
applied normalized 193_payment_finance_case_ownership.sql
applied normalized 194_order_payment_batches.sql
applied normalized 195_capacity_failure_details.sql
applied normalized 196_historical_cancelled_payment_display.sql
applied normalized 197_payment_finance_management_permission.sql
applied normalized 198_approved_refund_auto_execution.sql
applied normalized 199_staff_refund_requests.sql
applied normalized 200_refund_purpose.sql
applied normalized 201_item_quantity_after_sales_foundation.sql
applied normalized 202_after_sales_confirmed_pricing.sql
applied normalized 203_inventory_packaging_evidence.sql
applied normalized 204_provider_fee_notifications.sql
applied normalized 205_configurable_member_numbers.sql
applied normalized 206_member_bottle_custody.sql
applied normalized 207_social_membership_authority.sql
applied normalized 208_member_card_menu.sql
applied normalized 209_configurable_launch_popup.sql
applied normalized 210_service_account_broadcasts.sql
applied normalized 211_custody_presentation_policy.sql
applied normalized 212_custody_export_permission.sql
applied normalized 213_custody_permission_catalog.sql
applied normalized 214_custody_fields_and_send_window.sql
applied normalized 215_member_card_menu_removal.sql
applied normalized 216_new_card_social_gate.sql
applied normalized 217_custody_simple_workflow.sql
applied normalized 218_member_card_prices.sql
applied normalized 219_paired_campaign_gifts.sql
applied normalized 220_custody_deposit_evidence.sql
applied normalized 221_social_subscription_reports.sql
applied normalized 222_group_voucher_platform_verification.sql
applied normalized 223_inventory_waste_review.sql
applied normalized 224_kitchen_production_batches.sql
·····················································································································································································································································································································································································································································································································································································································································································································································································································································································································································stderr | server/normalized/pending-online-payment-reconciliation.test.ts > pending online payment reconciliation > reconciles each stale payment without aborting the batch
{"event":"payment_reconciliation_failed","paymentId":"pay-2","stage":"query_provider","errorCode":"Error","errorLocation":"/server/normalized/pending-online-payment-reconciliation.test.ts:78:30"}

········································································································stderr | server/normalized/alipay-phone-authorization.test.ts > official Alipay phone authorization provider > rejects tampered ciphertext
ALIPAY_PHONE_VERIFY_FAILED {"stage":"decrypt","candidateCount":2,"payloadKind":"short","payloadLength":16}

stderr | server/normalized/alipay-phone-authorization.test.ts > official Alipay phone authorization provider > maps Alipay platform config errors instead of treating them as bad ciphertext
ALIPAY_PHONE_VERIFY_FAILED {"stage":"parse","candidateCount":1,"payloadKind":"json-wrapper","payloadLength":187,"decryptedKind":"object","decryptedKeys":["code","msg","subCode","subMsg"],"providerCode":"40001","providerSubCode":"isv.missing-encrypt-key","providerMsg":"缺少加密配置","mobileRawLength":0,"mobileLooksNumeric":false,"parseError":"支付宝开放平台仍缺接口内容加密、接口加签或应用网关配置。后台已能解密，但支付宝返回的是配置错误而不是手机号。请在开放平台补齐这三项后，在小程序里解除用户信息授权"}

······························································································································································································································································································································································································································································································································································································································································································································································································································································-·······························································································································································································································································································································································································································································································

 Test Files  275 passed | 1 skipped (276)
      Tests  2330 passed | 1 skipped (2331)
   Start at  00:58:21
   Duration  113.35s (transform 2.80s, setup 0ms, import 10.86s, tests 77.49s, environment 11ms)
