[WebServer] (node:50003) Warning: The 'NO_COLOR' env is ignored due to the 'FORCE_COLOR' env being set.
[WebServer] (Use `node --trace-warnings ...` to show where the warning was created)
[WebServer] [INEFFECTIVE_DYNAMIC_IMPORT] src/normalized-ui/PerformanceRevisionPanel.tsx is dynamically imported by src/normalized-ui/StaffModulePanel.tsx but also statically imported by src/normalized-ui/MonthlySchedulePanel.tsx, dynamic import will not move module into another chunk.
[WebServer]
[WebServer] [plugin builtin:vite-reporter]
[WebServer] (!) Some chunks are larger than 500 kB after minification. Consider:
[WebServer] - Using dynamic import() to code-split the application
[WebServer] - Use build.rolldownOptions.output.codeSplitting to improve chunking: https://rolldown.rs/reference/OutputOptions.codeSplitting
[WebServer] - Adjust chunk size limit for this warning via build.chunkSizeWarningLimit.
[WebServer] (node:50010) Warning: The 'NO_COLOR' env is ignored due to the 'FORCE_COLOR' env being set.
[WebServer] (Use `node --trace-warnings ...` to show where the warning was created)
[WebServer] (node:50011) Warning: The 'NO_COLOR' env is ignored due to the 'FORCE_COLOR' env being set.
[WebServer] (Use `node --trace-warnings ...` to show where the warning was created)

Running 4 tests using 1 worker

(node:50033) Warning: The 'NO_COLOR' env is ignored due to the 'FORCE_COLOR' env being set.
(Use `node --trace-warnings ...` to show where the warning was created)
  ✘  1 tests/normalized-e2e/normalized-all-roles-business-day.spec.ts:555:1 › 盘点复核让有权限同事通过或退回，提交人能查结果，失败读取可重试 (2.0s)
(node:50042) Warning: The 'NO_COLOR' env is ignored due to the 'FORCE_COLOR' env being set.
(Use `node --trace-warnings ...` to show where the warning was created)
  ✘  2 tests/normalized-e2e/normalized-stock-count-batch.spec.ts:27:1 › batch approvals exclude self and stale counts, retain each conflict and continue other counts (1.1s)
(node:50050) Warning: The 'NO_COLOR' env is ignored due to the 'FORCE_COLOR' env being set.
(Use `node --trace-warnings ...` to show where the warning was created)
  ✘  3 tests/normalized-e2e/normalized-stock-count-batch.spec.ts:55:1 › stale counts can be returned together with one reason and ambiguous retries retain original keys (1.1s)
(node:50058) Warning: The 'NO_COLOR' env is ignored due to the 'FORCE_COLOR' env being set.
(Use `node --trace-warnings ...` to show where the warning was created)
  ✘  4 tests/normalized-e2e/normalized-stock-count-batch.spec.ts:83:1 › batch selection never carries unseen counts across pages or a refreshed view (946ms)


  1) tests/normalized-e2e/normalized-all-roles-business-day.spec.ts:555:1 › 盘点复核让有权限同事通过或退回，提交人能查结果，失败读取可重试

    Error: expect(locator).toContainText(expected) failed

    Locator: getByRole('region', { name: '盘点复核' })
    Expected substring: "stock-count-f2ff6e92-c5cf-43a6-ae99-a64db52ec086"
    Error: strict mode violation: getByRole('region', { name: '盘点复核' }) resolved to 2 elements:
        1) <section aria-label="盘点复核" class="inventory-stock-counts">…</section> aka getByText('盘点复核刷新盘点这里显示本人提交的盘点。请由有盘点审批权限的同事在“库存 → 盘点复核”处理。待复核已处理正在读取盘点记录上一页第1页下一页')
        2) <section aria-label="盘点复核" class="inventory-stock-counts">…</section> aka getByText('盘点复核刷新盘点这里显示本人提交的盘点。请由有盘点审批权限的同事在“库存 → 盘点复核”处理。待复核已处理冷言志的盘点待复核stock-count-')

    Call log:
      - Expect "toContainText" with timeout 12000ms
      - waiting for getByRole('region', { name: '盘点复核' })
        - locator resolved to <section aria-label="盘点复核" class="inventory-stock-counts">…</section>
        - unexpected value "盘点复核刷新盘点这里显示本人提交的盘点。请由有盘点审批权限的同事在“库存 → 盘点复核”处理。待复核已处理正在读取盘点记录上一页第1页下一页"


      570 |   await counter.page.goto('/staff/inventory')
      571 |   const mine=counter.page.getByRole('region',{name:'盘点复核'})
    > 572 |   await expect(mine).toContainText(first.publicId)
          |                      ^
      573 |   await expect(mine.getByRole('button',{name:'审核通过',exact:true})).toHaveCount(0)
      574 |   await reviewer.page.setViewportSize({width:375,height:812})
      575 |   await reviewer.page.route('**/api/inventory/stock-counts?**',route=>route.fulfill({status:503,json:{error:{code:'unavailable',message:'盘点服务暂时不可用'}}}),{times:1})
        at /Users/jingda/mbox/mbox-review-release-20260921/tests/normalized-e2e/normalized-all-roles-business-day.spec.ts:572:22

    attachment #1: screenshot (image/png) ──────────────────────────────────────────────────────────
    artifacts/normalized-browser/results/normalized-all-roles-busin-fa39d-让有权限同事通过或退回，提交人能查结果，失败读取可重试/test-failed-2.png
    ────────────────────────────────────────────────────────────────────────────────────────────────

    attachment #2: screenshot (image/png) ──────────────────────────────────────────────────────────
    artifacts/normalized-browser/results/normalized-all-roles-busin-fa39d-让有权限同事通过或退回，提交人能查结果，失败读取可重试/test-failed-1.png
    ────────────────────────────────────────────────────────────────────────────────────────────────

    Error Context: artifacts/normalized-browser/results/normalized-all-roles-busin-fa39d-让有权限同事通过或退回，提交人能查结果，失败读取可重试/error-context.md

    attachment #4: trace (application/zip) ─────────────────────────────────────────────────────────
    artifacts/normalized-browser/results/normalized-all-roles-busin-fa39d-让有权限同事通过或退回，提交人能查结果，失败读取可重试/trace.zip
    Usage:

        npx playwright show-trace artifacts/normalized-browser/results/normalized-all-roles-busin-fa39d-让有权限同事通过或退回，提交人能查结果，失败读取可重试/trace.zip

    ────────────────────────────────────────────────────────────────────────────────────────────────

  2) tests/normalized-e2e/normalized-stock-count-batch.spec.ts:27:1 › batch approvals exclude self and stale counts, retain each conflict and continue other counts

    Error: expect(locator).toContainText(expected) failed

    Locator: getByRole('region', { name: '盘点复核', exact: true })
    Expected substring: "本批3张：2张已通过，1张未完成"
    Error: strict mode violation: getByRole('region', { name: '盘点复核', exact: true }) resolved to 2 elements:
        1) <section aria-label="盘点复核" class="inventory-stock-counts">…</section> aka getByText('盘点复核刷新盘点核对实盘数量后，可勾选批量通过或退回；本人提交的盘点须由另一名有审批权限的同事复核。待复核已处理正在处理 2/3本批审核结果盘点同事 · 商品')
        2) <section aria-label="盘点复核" class="inventory-stock-counts">…</section> aka getByText('盘点复核刷新盘点这里显示本人提交的盘点。请由有盘点审批权限的同事在“库存 → 盘点复核”处理。待复核已处理正在读取盘点记录上一页第1页下一页')

    Call log:
      - Expect "toContainText" with timeout 12000ms
      - waiting for getByRole('region', { name: '盘点复核', exact: true })


      45 |   await panel.getByRole('button',{name:'批量通过',exact:true}).click()
      46 |   await page.getByRole('alertdialog',{name:'批量核对盘点'}).getByRole('button',{name:'确认批量通过'}).click()
    > 47 |   await expect(panel).toContainText('本批3张：2张已通过，1张未完成')
         |                       ^
      48 |   expect(calls).toEqual(['one','race','three'])
      49 |   const results=panel.getByRole('region',{name:'本批审核结果'})
      50 |   await expect(results).toContainText('商品race');await expect(results).toContainText('盘点后库存已变动')
        at /Users/jingda/mbox/mbox-review-release-20260921/tests/normalized-e2e/normalized-stock-count-batch.spec.ts:47:23

    attachment #1: screenshot (image/png) ──────────────────────────────────────────────────────────
    artifacts/normalized-browser/results/normalized-stock-count-bat-9e4ba-t-and-continue-other-counts/test-failed-1.png
    ────────────────────────────────────────────────────────────────────────────────────────────────

    attachment #2: video (video/webm) ──────────────────────────────────────────────────────────────
    artifacts/normalized-browser/results/normalized-stock-count-bat-9e4ba-t-and-continue-other-counts/video.webm
    ────────────────────────────────────────────────────────────────────────────────────────────────

    Error Context: artifacts/normalized-browser/results/normalized-stock-count-bat-9e4ba-t-and-continue-other-counts/error-context.md

    attachment #4: trace (application/zip) ─────────────────────────────────────────────────────────
    artifacts/normalized-browser/results/normalized-stock-count-bat-9e4ba-t-and-continue-other-counts/trace.zip
    Usage:

        npx playwright show-trace artifacts/normalized-browser/results/normalized-stock-count-bat-9e4ba-t-and-continue-other-counts/trace.zip

    ────────────────────────────────────────────────────────────────────────────────────────────────

  3) tests/normalized-e2e/normalized-stock-count-batch.spec.ts:55:1 › stale counts can be returned together with one reason and ambiguous retries retain original keys

    Error: expect(locator).toContainText(expected) failed

    Locator: getByRole('region', { name: '盘点复核', exact: true })
    Expected substring: "本批2张：1张已退回，1张未完成"
    Error: strict mode violation: getByRole('region', { name: '盘点复核', exact: true }) resolved to 2 elements:
        1) <section aria-label="盘点复核" class="inventory-stock-counts">…</section> aka getByText('盘点复核刷新盘点核对实盘数量后，可勾选批量通过或退回；本人提交的盘点须由另一名有审批权限的同事复核。待复核已处理正在处理 1/2全选当前页可复核单据已选 2')
        2) <section aria-label="盘点复核" class="inventory-stock-counts">…</section> aka getByText('盘点复核刷新盘点核对实盘数量后，可勾选批量通过或退回；本人提交的盘点须由另一名有审批权限的同事复核。待复核已处理全选当前页可复核单据已选 0')

    Call log:
      - Expect "toContainText" with timeout 12000ms
      - waiting for getByRole('region', { name: '盘点复核', exact: true })
        - locator resolved to <section aria-label="盘点复核" class="inventory-stock-counts">…</section>
        - unexpected value "盘点复核刷新盘点核对实盘数量后，可勾选批量通过或退回；本人提交的盘点须由另一名有审批权限的同事复核。待复核已处理正在处理 1/2全选当前页可复核单据已选 2 张，仅处理当前页选中可通过选中需重盘批量通过所选含库存已变化的盘点，只能退回重盘；“选中可通过”可排除这些单据。批量退回原因批量退回盘点同事的盘点待复核选择此盘点batch-old1 · 提交于2026/9/14 19:35:54商品old1盘点时账面 100 毫升 · 实盘 200 毫升差异 100 毫升 · 当前账面 150 毫升盘点后库存已变动，不能直接通过；请退回后由盘点人重新清点提交。审核通过退回原因退回盘点盘点同事的盘点待复核选择此盘点batch-old2 · 提交于2026/9/14 19:35:54商品old2盘点时账面 100 毫升 · 实盘 200 毫升差异 100 毫升 · 当前账面 150 毫升盘点后库存已变动，不能直接通过；请退回后由盘点人重新清点提交。审核通过退回原因退回盘点盘点同事的盘点待复核batch-self · 提交于2026/9/14 19:35:54商品self盘点时账面 100 毫升 · 实盘 200 毫升差异 100 毫升 · 当前账面 150 毫升盘点后库存已变动，不能直接通过；请联系其他有审批权限的同事退回，再重新清点提交。当前账号没有此盘点的审批权限。上一页第1页下一页"


      73 |   }
      74 |   await reject()
    > 75 |   await expect(panel).toContainText('本批2张：1张已退回，1张未完成')
         |                       ^
      76 |   await panel.getByRole('button',{name:'选中需重盘'}).click();await reject()
      77 |   await expect(panel).toContainText('本批1张：1张已退回，0张未完成')
      78 |   expect(calls.map(c=>c.id)).toEqual(['old1','old2','old2'])
        at /Users/jingda/mbox/mbox-review-release-20260921/tests/normalized-e2e/normalized-stock-count-batch.spec.ts:75:23

    attachment #1: screenshot (image/png) ──────────────────────────────────────────────────────────
    artifacts/normalized-browser/results/normalized-stock-count-bat-eb99d-etries-retain-original-keys/test-failed-1.png
    ────────────────────────────────────────────────────────────────────────────────────────────────

    attachment #2: video (video/webm) ──────────────────────────────────────────────────────────────
    artifacts/normalized-browser/results/normalized-stock-count-bat-eb99d-etries-retain-original-keys/video.webm
    ────────────────────────────────────────────────────────────────────────────────────────────────

    Error Context: artifacts/normalized-browser/results/normalized-stock-count-bat-eb99d-etries-retain-original-keys/error-context.md

    attachment #4: trace (application/zip) ─────────────────────────────────────────────────────────
    artifacts/normalized-browser/results/normalized-stock-count-bat-eb99d-etries-retain-original-keys/trace.zip
    Usage:

        npx playwright show-trace artifacts/normalized-browser/results/normalized-stock-count-bat-eb99d-etries-retain-original-keys/trace.zip

    ────────────────────────────────────────────────────────────────────────────────────────────────

  4) tests/normalized-e2e/normalized-stock-count-batch.spec.ts:83:1 › batch selection never carries unseen counts across pages or a refreshed view

    Error: expect(locator).toContainText(expected) failed

    Locator: getByRole('region', { name: '盘点复核', exact: true })
    Expected substring: "已选 0 张"
    Error: strict mode violation: getByRole('region', { name: '盘点复核', exact: true }) resolved to 2 elements:
        1) <section aria-label="盘点复核" class="inventory-stock-counts">…</section> aka getByText('盘点复核刷新盘点这里显示本人提交的盘点。请由有盘点审批权限的同事在“库存 → 盘点复核”处理。待复核已处理正在读取盘点记录上一页第2页下一页')
        2) <section aria-label="盘点复核" class="inventory-stock-counts">…</section> aka getByText('盘点复核刷新盘点这里显示本人提交的盘点。请由有盘点审批权限的同事在“库存 → 盘点复核”处理。待复核已处理正在读取盘点记录上一页第1页下一页')

    Call log:
      - Expect "toContainText" with timeout 12000ms
      - waiting for getByRole('region', { name: '盘点复核', exact: true })


      90 |   await panel.getByRole('button',{name:'刷新盘点'}).click()
      91 |   await expect(panel).toHaveCount(1)
    > 92 |   await expect(panel).toContainText('已选 0 张')
         |                       ^
      93 |   await expect(panel.getByRole('button',{name:'批量通过',exact:true})).toBeDisabled()
      94 | })
      95 |
        at /Users/jingda/mbox/mbox-review-release-20260921/tests/normalized-e2e/normalized-stock-count-batch.spec.ts:92:23

    attachment #1: screenshot (image/png) ──────────────────────────────────────────────────────────
    artifacts/normalized-browser/results/normalized-stock-count-bat-49706-s-pages-or-a-refreshed-view/test-failed-1.png
    ────────────────────────────────────────────────────────────────────────────────────────────────

    attachment #2: video (video/webm) ──────────────────────────────────────────────────────────────
    artifacts/normalized-browser/results/normalized-stock-count-bat-49706-s-pages-or-a-refreshed-view/video.webm
    ────────────────────────────────────────────────────────────────────────────────────────────────

    Error Context: artifacts/normalized-browser/results/normalized-stock-count-bat-49706-s-pages-or-a-refreshed-view/error-context.md

    attachment #4: trace (application/zip) ─────────────────────────────────────────────────────────
    artifacts/normalized-browser/results/normalized-stock-count-bat-49706-s-pages-or-a-refreshed-view/trace.zip
    Usage:

        npx playwright show-trace artifacts/normalized-browser/results/normalized-stock-count-bat-49706-s-pages-or-a-refreshed-view/trace.zip

    ────────────────────────────────────────────────────────────────────────────────────────────────

  4 failed
    tests/normalized-e2e/normalized-all-roles-business-day.spec.ts:555:1 › 盘点复核让有权限同事通过或退回，提交人能查结果，失败读取可重试
    tests/normalized-e2e/normalized-stock-count-batch.spec.ts:27:1 › batch approvals exclude self and stale counts, retain each conflict and continue other counts
    tests/normalized-e2e/normalized-stock-count-batch.spec.ts:55:1 › stale counts can be returned together with one reason and ambiguous retries retain original keys
    tests/normalized-e2e/normalized-stock-count-batch.spec.ts:83:1 › batch selection never carries unseen counts across pages or a refreshed view
